"Teste simples"  
Teste Node.js
